// Jest Snapshot v1, https://goo.gl/fbAQLP

exports[`Table test base render 1`] = `
"<div>
  <table class=\\"test-table\\">
    <thead class=\\"table-header\\">
      <tr>
        <td rowspan=\\"1\\" colspan=\\"1\\" class=\\"table-cell\\"><span class=\\"dsy-test-head\\"></span>
          日期
          <!----> <span class=\\"dsy-test-default\\"></span></td>
        <td rowspan=\\"1\\" colspan=\\"1\\" class=\\"table-cell\\"><span class=\\"dsy-test-head\\"></span>
          姓名
          <!----> <span class=\\"dsy-test-default\\"></span></td>
        <td rowspan=\\"1\\" colspan=\\"1\\" class=\\"table-cell\\"><span class=\\"dsy-test-head\\"></span>
          地址
          <!----> <span class=\\"dsy-test-default\\"></span></td>
      </tr>
    </thead>
    <tbody class=\\"table-body\\">
      <tr class=\\"table-row\\">
        <td rowspan=\\"1\\" colspan=\\"1\\" class=\\"table-cell\\">
          1635984276398
        </td>
        <td rowspan=\\"1\\" colspan=\\"1\\" class=\\"table-cell\\">
          Tom1
        </td>
        <td rowspan=\\"1\\" colspan=\\"1\\" class=\\"table-cell\\">
          Adress No. 1
        </td>
      </tr>
      <tr class=\\"table-row\\">
        <td rowspan=\\"1\\" colspan=\\"1\\" class=\\"table-cell\\">
          1635897876398
        </td>
        <td rowspan=\\"1\\" colspan=\\"1\\" class=\\"table-cell\\">
          Tom2
        </td>
        <td rowspan=\\"1\\" colspan=\\"1\\" class=\\"table-cell\\">
          Adress No. 2
        </td>
      </tr>
      <tr class=\\"table-row\\">
        <td rowspan=\\"1\\" colspan=\\"1\\" class=\\"table-cell\\">
          1635811476398
        </td>
        <td rowspan=\\"1\\" colspan=\\"1\\" class=\\"table-cell\\">
          Tom3
        </td>
        <td rowspan=\\"1\\" colspan=\\"1\\" class=\\"table-cell\\">
          Adress No. 3
        </td>
      </tr>
      <tr class=\\"table-row\\">
        <td rowspan=\\"1\\" colspan=\\"1\\" class=\\"table-cell\\">
          1635725076398
        </td>
        <td rowspan=\\"1\\" colspan=\\"1\\" class=\\"table-cell\\">
          Tom4
        </td>
        <td rowspan=\\"1\\" colspan=\\"1\\" class=\\"table-cell\\">
          Adress No. 4
        </td>
      </tr>
      <tr class=\\"table-row\\">
        <td rowspan=\\"1\\" colspan=\\"1\\" class=\\"table-cell\\">
          1635638676398
        </td>
        <td rowspan=\\"1\\" colspan=\\"1\\" class=\\"table-cell\\">
          Tom5
        </td>
        <td rowspan=\\"1\\" colspan=\\"1\\" class=\\"table-cell\\">
          Adress No. 5
        </td>
      </tr>
      <tr class=\\"table-row\\">
        <td rowspan=\\"1\\" colspan=\\"1\\" class=\\"table-cell\\">
          1635552276398
        </td>
        <td rowspan=\\"1\\" colspan=\\"1\\" class=\\"table-cell\\">
          Tom6
        </td>
        <td rowspan=\\"1\\" colspan=\\"1\\" class=\\"table-cell\\">
          Adress No. 6
        </td>
      </tr>
      <tr class=\\"table-row\\">
        <td rowspan=\\"1\\" colspan=\\"1\\" class=\\"table-cell\\">
          1635465876398
        </td>
        <td rowspan=\\"1\\" colspan=\\"1\\" class=\\"table-cell\\">
          Tom7
        </td>
        <td rowspan=\\"1\\" colspan=\\"1\\" class=\\"table-cell\\">
          Adress No. 7
        </td>
      </tr>
      <tr class=\\"table-row\\">
        <td rowspan=\\"1\\" colspan=\\"1\\" class=\\"table-cell\\">
          1635379476398
        </td>
        <td rowspan=\\"1\\" colspan=\\"1\\" class=\\"table-cell\\">
          Tom8
        </td>
        <td rowspan=\\"1\\" colspan=\\"1\\" class=\\"table-cell\\">
          Adress No. 8
        </td>
      </tr>
      <tr class=\\"table-row\\">
        <td rowspan=\\"1\\" colspan=\\"1\\" class=\\"table-cell\\">
          1635293076398
        </td>
        <td rowspan=\\"1\\" colspan=\\"1\\" class=\\"table-cell\\">
          Tom9
        </td>
        <td rowspan=\\"1\\" colspan=\\"1\\" class=\\"table-cell\\">
          Adress No. 9
        </td>
      </tr>
      <tr class=\\"table-row\\">
        <td rowspan=\\"1\\" colspan=\\"1\\" class=\\"table-cell\\">
          1635206676398
        </td>
        <td rowspan=\\"1\\" colspan=\\"1\\" class=\\"table-cell\\">
          Tom10
        </td>
        <td rowspan=\\"1\\" colspan=\\"1\\" class=\\"table-cell\\">
          Adress No. 10
        </td>
      </tr>
      <tr class=\\"table-row\\">
        <td rowspan=\\"1\\" colspan=\\"1\\" class=\\"table-cell\\">
          1635120276398
        </td>
        <td rowspan=\\"1\\" colspan=\\"1\\" class=\\"table-cell\\">
          Tom11
        </td>
        <td rowspan=\\"1\\" colspan=\\"1\\" class=\\"table-cell\\">
          Adress No. 11
        </td>
      </tr>
      <tr class=\\"table-row\\">
        <td rowspan=\\"1\\" colspan=\\"1\\" class=\\"table-cell\\">
          1635033876398
        </td>
        <td rowspan=\\"1\\" colspan=\\"1\\" class=\\"table-cell\\">
          Tom12
        </td>
        <td rowspan=\\"1\\" colspan=\\"1\\" class=\\"table-cell\\">
          Adress No. 12
        </td>
      </tr>
      <tr class=\\"table-row\\">
        <td rowspan=\\"1\\" colspan=\\"1\\" class=\\"table-cell\\">
          1634947476398
        </td>
        <td rowspan=\\"1\\" colspan=\\"1\\" class=\\"table-cell\\">
          Tom13
        </td>
        <td rowspan=\\"1\\" colspan=\\"1\\" class=\\"table-cell\\">
          Adress No. 13
        </td>
      </tr>
      <tr class=\\"table-row\\">
        <td rowspan=\\"1\\" colspan=\\"1\\" class=\\"table-cell\\">
          1634861076398
        </td>
        <td rowspan=\\"1\\" colspan=\\"1\\" class=\\"table-cell\\">
          Tom14
        </td>
        <td rowspan=\\"1\\" colspan=\\"1\\" class=\\"table-cell\\">
          Adress No. 14
        </td>
      </tr>
      <tr class=\\"table-row\\">
        <td rowspan=\\"1\\" colspan=\\"1\\" class=\\"table-cell\\">
          1634774676398
        </td>
        <td rowspan=\\"1\\" colspan=\\"1\\" class=\\"table-cell\\">
          Tom15
        </td>
        <td rowspan=\\"1\\" colspan=\\"1\\" class=\\"table-cell\\">
          Adress No. 15
        </td>
      </tr>
      <tr class=\\"table-row\\">
        <td rowspan=\\"1\\" colspan=\\"1\\" class=\\"table-cell\\">
          1634688276398
        </td>
        <td rowspan=\\"1\\" colspan=\\"1\\" class=\\"table-cell\\">
          Tom16
        </td>
        <td rowspan=\\"1\\" colspan=\\"1\\" class=\\"table-cell\\">
          Adress No. 16
        </td>
      </tr>
      <tr class=\\"table-row\\">
        <td rowspan=\\"1\\" colspan=\\"1\\" class=\\"table-cell\\">
          1634601876398
        </td>
        <td rowspan=\\"1\\" colspan=\\"1\\" class=\\"table-cell\\">
          Tom17
        </td>
        <td rowspan=\\"1\\" colspan=\\"1\\" class=\\"table-cell\\">
          Adress No. 17
        </td>
      </tr>
      <tr class=\\"table-row\\">
        <td rowspan=\\"1\\" colspan=\\"1\\" class=\\"table-cell\\">
          1634515476398
        </td>
        <td rowspan=\\"1\\" colspan=\\"1\\" class=\\"table-cell\\">
          Tom18
        </td>
        <td rowspan=\\"1\\" colspan=\\"1\\" class=\\"table-cell\\">
          Adress No. 18
        </td>
      </tr>
      <tr class=\\"table-row\\">
        <td rowspan=\\"1\\" colspan=\\"1\\" class=\\"table-cell\\">
          1634429076398
        </td>
        <td rowspan=\\"1\\" colspan=\\"1\\" class=\\"table-cell\\">
          Tom19
        </td>
        <td rowspan=\\"1\\" colspan=\\"1\\" class=\\"table-cell\\">
          Adress No. 19
        </td>
      </tr>
      <tr class=\\"table-row\\">
        <td rowspan=\\"1\\" colspan=\\"1\\" class=\\"table-cell\\">
          1634342676398
        </td>
        <td rowspan=\\"1\\" colspan=\\"1\\" class=\\"table-cell\\">
          Tom20
        </td>
        <td rowspan=\\"1\\" colspan=\\"1\\" class=\\"table-cell\\">
          Adress No. 20
        </td>
      </tr>
    </tbody>
    <div class=\\"table-paging-bar\\"><span class=\\"paging-btn disabled\\">上一页</span>
      <div class=\\"paging-item_wrapper\\"><span class=\\"paging-item activated\\">
      1
    </span></div> <span class=\\"paging-btn disabled\\">下一页</span></div>
  </table>
</div>"
`;

exports[`Table test sorting: sort action 1`] = `
"<div>
  <table class=\\"test-table\\">
    <thead class=\\"table-header\\">
      <tr>
        <td rowspan=\\"1\\" colspan=\\"1\\" class=\\"table-cell\\"><span class=\\"dsy-test-head\\"></span>
          日期
          <span class=\\"dsy-test table-cell_sort-item--none\\">原始</span> <span class=\\"dsy-test-default\\"></span></td>
        <td rowspan=\\"1\\" colspan=\\"1\\" class=\\"table-cell\\"><span class=\\"dsy-test-head\\"></span>
          姓名
          <!----> <span class=\\"dsy-test-default\\"></span></td>
        <td rowspan=\\"1\\" colspan=\\"1\\" class=\\"table-cell\\"><span class=\\"dsy-test-head\\"></span>
          地址
          <span class=\\"dsy-test table-cell_sort-item--none\\">原始</span> <span class=\\"dsy-test-default\\"></span></td>
      </tr>
    </thead>
    <tbody class=\\"table-body\\">
      <tr class=\\"table-row\\">
        <td rowspan=\\"1\\" colspan=\\"1\\" class=\\"table-cell\\">
          1635984276398
        </td>
        <td rowspan=\\"1\\" colspan=\\"1\\" class=\\"table-cell\\">
          Tom1
        </td>
        <td rowspan=\\"1\\" colspan=\\"1\\" class=\\"table-cell\\">
          Adress No. 1
        </td>
      </tr>
      <tr class=\\"table-row\\">
        <td rowspan=\\"1\\" colspan=\\"1\\" class=\\"table-cell\\">
          1635897876398
        </td>
        <td rowspan=\\"1\\" colspan=\\"1\\" class=\\"table-cell\\">
          Tom2
        </td>
        <td rowspan=\\"1\\" colspan=\\"1\\" class=\\"table-cell\\">
          Adress No. 2
        </td>
      </tr>
      <tr class=\\"table-row\\">
        <td rowspan=\\"1\\" colspan=\\"1\\" class=\\"table-cell\\">
          1635811476398
        </td>
        <td rowspan=\\"1\\" colspan=\\"1\\" class=\\"table-cell\\">
          Tom3
        </td>
        <td rowspan=\\"1\\" colspan=\\"1\\" class=\\"table-cell\\">
          Adress No. 3
        </td>
      </tr>
      <tr class=\\"table-row\\">
        <td rowspan=\\"1\\" colspan=\\"1\\" class=\\"table-cell\\">
          1635725076398
        </td>
        <td rowspan=\\"1\\" colspan=\\"1\\" class=\\"table-cell\\">
          Tom4
        </td>
        <td rowspan=\\"1\\" colspan=\\"1\\" class=\\"table-cell\\">
          Adress No. 4
        </td>
      </tr>
      <tr class=\\"table-row\\">
        <td rowspan=\\"1\\" colspan=\\"1\\" class=\\"table-cell\\">
          1635638676398
        </td>
        <td rowspan=\\"1\\" colspan=\\"1\\" class=\\"table-cell\\">
          Tom5
        </td>
        <td rowspan=\\"1\\" colspan=\\"1\\" class=\\"table-cell\\">
          Adress No. 5
        </td>
      </tr>
      <tr class=\\"table-row\\">
        <td rowspan=\\"1\\" colspan=\\"1\\" class=\\"table-cell\\">
          1635552276398
        </td>
        <td rowspan=\\"1\\" colspan=\\"1\\" class=\\"table-cell\\">
          Tom6
        </td>
        <td rowspan=\\"1\\" colspan=\\"1\\" class=\\"table-cell\\">
          Adress No. 6
        </td>
      </tr>
      <tr class=\\"table-row\\">
        <td rowspan=\\"1\\" colspan=\\"1\\" class=\\"table-cell\\">
          1635465876398
        </td>
        <td rowspan=\\"1\\" colspan=\\"1\\" class=\\"table-cell\\">
          Tom7
        </td>
        <td rowspan=\\"1\\" colspan=\\"1\\" class=\\"table-cell\\">
          Adress No. 7
        </td>
      </tr>
      <tr class=\\"table-row\\">
        <td rowspan=\\"1\\" colspan=\\"1\\" class=\\"table-cell\\">
          1635379476398
        </td>
        <td rowspan=\\"1\\" colspan=\\"1\\" class=\\"table-cell\\">
          Tom8
        </td>
        <td rowspan=\\"1\\" colspan=\\"1\\" class=\\"table-cell\\">
          Adress No. 8
        </td>
      </tr>
      <tr class=\\"table-row\\">
        <td rowspan=\\"1\\" colspan=\\"1\\" class=\\"table-cell\\">
          1635293076398
        </td>
        <td rowspan=\\"1\\" colspan=\\"1\\" class=\\"table-cell\\">
          Tom9
        </td>
        <td rowspan=\\"1\\" colspan=\\"1\\" class=\\"table-cell\\">
          Adress No. 9
        </td>
      </tr>
      <tr class=\\"table-row\\">
        <td rowspan=\\"1\\" colspan=\\"1\\" class=\\"table-cell\\">
          1635206676398
        </td>
        <td rowspan=\\"1\\" colspan=\\"1\\" class=\\"table-cell\\">
          Tom10
        </td>
        <td rowspan=\\"1\\" colspan=\\"1\\" class=\\"table-cell\\">
          Adress No. 10
        </td>
      </tr>
      <tr class=\\"table-row\\">
        <td rowspan=\\"1\\" colspan=\\"1\\" class=\\"table-cell\\">
          1635120276398
        </td>
        <td rowspan=\\"1\\" colspan=\\"1\\" class=\\"table-cell\\">
          Tom11
        </td>
        <td rowspan=\\"1\\" colspan=\\"1\\" class=\\"table-cell\\">
          Adress No. 11
        </td>
      </tr>
      <tr class=\\"table-row\\">
        <td rowspan=\\"1\\" colspan=\\"1\\" class=\\"table-cell\\">
          1635033876398
        </td>
        <td rowspan=\\"1\\" colspan=\\"1\\" class=\\"table-cell\\">
          Tom12
        </td>
        <td rowspan=\\"1\\" colspan=\\"1\\" class=\\"table-cell\\">
          Adress No. 12
        </td>
      </tr>
      <tr class=\\"table-row\\">
        <td rowspan=\\"1\\" colspan=\\"1\\" class=\\"table-cell\\">
          1634947476398
        </td>
        <td rowspan=\\"1\\" colspan=\\"1\\" class=\\"table-cell\\">
          Tom13
        </td>
        <td rowspan=\\"1\\" colspan=\\"1\\" class=\\"table-cell\\">
          Adress No. 13
        </td>
      </tr>
      <tr class=\\"table-row\\">
        <td rowspan=\\"1\\" colspan=\\"1\\" class=\\"table-cell\\">
          1634861076398
        </td>
        <td rowspan=\\"1\\" colspan=\\"1\\" class=\\"table-cell\\">
          Tom14
        </td>
        <td rowspan=\\"1\\" colspan=\\"1\\" class=\\"table-cell\\">
          Adress No. 14
        </td>
      </tr>
      <tr class=\\"table-row\\">
        <td rowspan=\\"1\\" colspan=\\"1\\" class=\\"table-cell\\">
          1634774676398
        </td>
        <td rowspan=\\"1\\" colspan=\\"1\\" class=\\"table-cell\\">
          Tom15
        </td>
        <td rowspan=\\"1\\" colspan=\\"1\\" class=\\"table-cell\\">
          Adress No. 15
        </td>
      </tr>
      <tr class=\\"table-row\\">
        <td rowspan=\\"1\\" colspan=\\"1\\" class=\\"table-cell\\">
          1634688276398
        </td>
        <td rowspan=\\"1\\" colspan=\\"1\\" class=\\"table-cell\\">
          Tom16
        </td>
        <td rowspan=\\"1\\" colspan=\\"1\\" class=\\"table-cell\\">
          Adress No. 16
        </td>
      </tr>
      <tr class=\\"table-row\\">
        <td rowspan=\\"1\\" colspan=\\"1\\" class=\\"table-cell\\">
          1634601876398
        </td>
        <td rowspan=\\"1\\" colspan=\\"1\\" class=\\"table-cell\\">
          Tom17
        </td>
        <td rowspan=\\"1\\" colspan=\\"1\\" class=\\"table-cell\\">
          Adress No. 17
        </td>
      </tr>
      <tr class=\\"table-row\\">
        <td rowspan=\\"1\\" colspan=\\"1\\" class=\\"table-cell\\">
          1634515476398
        </td>
        <td rowspan=\\"1\\" colspan=\\"1\\" class=\\"table-cell\\">
          Tom18
        </td>
        <td rowspan=\\"1\\" colspan=\\"1\\" class=\\"table-cell\\">
          Adress No. 18
        </td>
      </tr>
      <tr class=\\"table-row\\">
        <td rowspan=\\"1\\" colspan=\\"1\\" class=\\"table-cell\\">
          1634429076398
        </td>
        <td rowspan=\\"1\\" colspan=\\"1\\" class=\\"table-cell\\">
          Tom19
        </td>
        <td rowspan=\\"1\\" colspan=\\"1\\" class=\\"table-cell\\">
          Adress No. 19
        </td>
      </tr>
      <tr class=\\"table-row\\">
        <td rowspan=\\"1\\" colspan=\\"1\\" class=\\"table-cell\\">
          1634342676398
        </td>
        <td rowspan=\\"1\\" colspan=\\"1\\" class=\\"table-cell\\">
          Tom20
        </td>
        <td rowspan=\\"1\\" colspan=\\"1\\" class=\\"table-cell\\">
          Adress No. 20
        </td>
      </tr>
    </tbody>
    <div class=\\"table-paging-bar\\"><span class=\\"paging-btn disabled\\">上一页</span>
      <div class=\\"paging-item_wrapper\\"><span class=\\"paging-item activated\\">
      1
    </span></div> <span class=\\"paging-btn disabled\\">下一页</span></div>
  </table>
</div>"
`;

exports[`Table test sorting: sort action 2`] = `
"<div>
  <table class=\\"test-table\\">
    <thead class=\\"table-header\\">
      <tr>
        <td rowspan=\\"1\\" colspan=\\"1\\" class=\\"table-cell\\"><span class=\\"dsy-test-head\\"></span>
          日期
          <span class=\\"dsy-test table-cell_sort-item--none\\">原始</span> <span class=\\"dsy-test-default\\"></span></td>
        <td rowspan=\\"1\\" colspan=\\"1\\" class=\\"table-cell\\"><span class=\\"dsy-test-head\\"></span>
          姓名
          <!----> <span class=\\"dsy-test-default\\"></span></td>
        <td rowspan=\\"1\\" colspan=\\"1\\" class=\\"table-cell\\"><span class=\\"dsy-test-head\\"></span>
          地址
          <span class=\\"dsy-test table-cell_sort-item--none\\">原始</span> <span class=\\"dsy-test-default\\"></span></td>
      </tr>
    </thead>
    <tbody class=\\"table-body\\">
      <tr class=\\"table-row\\">
        <td rowspan=\\"1\\" colspan=\\"1\\" class=\\"table-cell\\">
          1635984276398
        </td>
        <td rowspan=\\"1\\" colspan=\\"1\\" class=\\"table-cell\\">
          Tom1
        </td>
        <td rowspan=\\"1\\" colspan=\\"1\\" class=\\"table-cell\\">
          Adress No. 1
        </td>
      </tr>
      <tr class=\\"table-row\\">
        <td rowspan=\\"1\\" colspan=\\"1\\" class=\\"table-cell\\">
          1635897876398
        </td>
        <td rowspan=\\"1\\" colspan=\\"1\\" class=\\"table-cell\\">
          Tom2
        </td>
        <td rowspan=\\"1\\" colspan=\\"1\\" class=\\"table-cell\\">
          Adress No. 2
        </td>
      </tr>
      <tr class=\\"table-row\\">
        <td rowspan=\\"1\\" colspan=\\"1\\" class=\\"table-cell\\">
          1635811476398
        </td>
        <td rowspan=\\"1\\" colspan=\\"1\\" class=\\"table-cell\\">
          Tom3
        </td>
        <td rowspan=\\"1\\" colspan=\\"1\\" class=\\"table-cell\\">
          Adress No. 3
        </td>
      </tr>
      <tr class=\\"table-row\\">
        <td rowspan=\\"1\\" colspan=\\"1\\" class=\\"table-cell\\">
          1635725076398
        </td>
        <td rowspan=\\"1\\" colspan=\\"1\\" class=\\"table-cell\\">
          Tom4
        </td>
        <td rowspan=\\"1\\" colspan=\\"1\\" class=\\"table-cell\\">
          Adress No. 4
        </td>
      </tr>
      <tr class=\\"table-row\\">
        <td rowspan=\\"1\\" colspan=\\"1\\" class=\\"table-cell\\">
          1635638676398
        </td>
        <td rowspan=\\"1\\" colspan=\\"1\\" class=\\"table-cell\\">
          Tom5
        </td>
        <td rowspan=\\"1\\" colspan=\\"1\\" class=\\"table-cell\\">
          Adress No. 5
        </td>
      </tr>
      <tr class=\\"table-row\\">
        <td rowspan=\\"1\\" colspan=\\"1\\" class=\\"table-cell\\">
          1635552276398
        </td>
        <td rowspan=\\"1\\" colspan=\\"1\\" class=\\"table-cell\\">
          Tom6
        </td>
        <td rowspan=\\"1\\" colspan=\\"1\\" class=\\"table-cell\\">
          Adress No. 6
        </td>
      </tr>
      <tr class=\\"table-row\\">
        <td rowspan=\\"1\\" colspan=\\"1\\" class=\\"table-cell\\">
          1635465876398
        </td>
        <td rowspan=\\"1\\" colspan=\\"1\\" class=\\"table-cell\\">
          Tom7
        </td>
        <td rowspan=\\"1\\" colspan=\\"1\\" class=\\"table-cell\\">
          Adress No. 7
        </td>
      </tr>
      <tr class=\\"table-row\\">
        <td rowspan=\\"1\\" colspan=\\"1\\" class=\\"table-cell\\">
          1635379476398
        </td>
        <td rowspan=\\"1\\" colspan=\\"1\\" class=\\"table-cell\\">
          Tom8
        </td>
        <td rowspan=\\"1\\" colspan=\\"1\\" class=\\"table-cell\\">
          Adress No. 8
        </td>
      </tr>
      <tr class=\\"table-row\\">
        <td rowspan=\\"1\\" colspan=\\"1\\" class=\\"table-cell\\">
          1635293076398
        </td>
        <td rowspan=\\"1\\" colspan=\\"1\\" class=\\"table-cell\\">
          Tom9
        </td>
        <td rowspan=\\"1\\" colspan=\\"1\\" class=\\"table-cell\\">
          Adress No. 9
        </td>
      </tr>
      <tr class=\\"table-row\\">
        <td rowspan=\\"1\\" colspan=\\"1\\" class=\\"table-cell\\">
          1635206676398
        </td>
        <td rowspan=\\"1\\" colspan=\\"1\\" class=\\"table-cell\\">
          Tom10
        </td>
        <td rowspan=\\"1\\" colspan=\\"1\\" class=\\"table-cell\\">
          Adress No. 10
        </td>
      </tr>
      <tr class=\\"table-row\\">
        <td rowspan=\\"1\\" colspan=\\"1\\" class=\\"table-cell\\">
          1635120276398
        </td>
        <td rowspan=\\"1\\" colspan=\\"1\\" class=\\"table-cell\\">
          Tom11
        </td>
        <td rowspan=\\"1\\" colspan=\\"1\\" class=\\"table-cell\\">
          Adress No. 11
        </td>
      </tr>
      <tr class=\\"table-row\\">
        <td rowspan=\\"1\\" colspan=\\"1\\" class=\\"table-cell\\">
          1635033876398
        </td>
        <td rowspan=\\"1\\" colspan=\\"1\\" class=\\"table-cell\\">
          Tom12
        </td>
        <td rowspan=\\"1\\" colspan=\\"1\\" class=\\"table-cell\\">
          Adress No. 12
        </td>
      </tr>
      <tr class=\\"table-row\\">
        <td rowspan=\\"1\\" colspan=\\"1\\" class=\\"table-cell\\">
          1634947476398
        </td>
        <td rowspan=\\"1\\" colspan=\\"1\\" class=\\"table-cell\\">
          Tom13
        </td>
        <td rowspan=\\"1\\" colspan=\\"1\\" class=\\"table-cell\\">
          Adress No. 13
        </td>
      </tr>
      <tr class=\\"table-row\\">
        <td rowspan=\\"1\\" colspan=\\"1\\" class=\\"table-cell\\">
          1634861076398
        </td>
        <td rowspan=\\"1\\" colspan=\\"1\\" class=\\"table-cell\\">
          Tom14
        </td>
        <td rowspan=\\"1\\" colspan=\\"1\\" class=\\"table-cell\\">
          Adress No. 14
        </td>
      </tr>
      <tr class=\\"table-row\\">
        <td rowspan=\\"1\\" colspan=\\"1\\" class=\\"table-cell\\">
          1634774676398
        </td>
        <td rowspan=\\"1\\" colspan=\\"1\\" class=\\"table-cell\\">
          Tom15
        </td>
        <td rowspan=\\"1\\" colspan=\\"1\\" class=\\"table-cell\\">
          Adress No. 15
        </td>
      </tr>
      <tr class=\\"table-row\\">
        <td rowspan=\\"1\\" colspan=\\"1\\" class=\\"table-cell\\">
          1634688276398
        </td>
        <td rowspan=\\"1\\" colspan=\\"1\\" class=\\"table-cell\\">
          Tom16
        </td>
        <td rowspan=\\"1\\" colspan=\\"1\\" class=\\"table-cell\\">
          Adress No. 16
        </td>
      </tr>
      <tr class=\\"table-row\\">
        <td rowspan=\\"1\\" colspan=\\"1\\" class=\\"table-cell\\">
          1634601876398
        </td>
        <td rowspan=\\"1\\" colspan=\\"1\\" class=\\"table-cell\\">
          Tom17
        </td>
        <td rowspan=\\"1\\" colspan=\\"1\\" class=\\"table-cell\\">
          Adress No. 17
        </td>
      </tr>
      <tr class=\\"table-row\\">
        <td rowspan=\\"1\\" colspan=\\"1\\" class=\\"table-cell\\">
          1634515476398
        </td>
        <td rowspan=\\"1\\" colspan=\\"1\\" class=\\"table-cell\\">
          Tom18
        </td>
        <td rowspan=\\"1\\" colspan=\\"1\\" class=\\"table-cell\\">
          Adress No. 18
        </td>
      </tr>
      <tr class=\\"table-row\\">
        <td rowspan=\\"1\\" colspan=\\"1\\" class=\\"table-cell\\">
          1634429076398
        </td>
        <td rowspan=\\"1\\" colspan=\\"1\\" class=\\"table-cell\\">
          Tom19
        </td>
        <td rowspan=\\"1\\" colspan=\\"1\\" class=\\"table-cell\\">
          Adress No. 19
        </td>
      </tr>
      <tr class=\\"table-row\\">
        <td rowspan=\\"1\\" colspan=\\"1\\" class=\\"table-cell\\">
          1634342676398
        </td>
        <td rowspan=\\"1\\" colspan=\\"1\\" class=\\"table-cell\\">
          Tom20
        </td>
        <td rowspan=\\"1\\" colspan=\\"1\\" class=\\"table-cell\\">
          Adress No. 20
        </td>
      </tr>
    </tbody>
    <div class=\\"table-paging-bar\\"><span class=\\"paging-btn disabled\\">上一页</span>
      <div class=\\"paging-item_wrapper\\"><span class=\\"paging-item activated\\">
      1
    </span></div> <span class=\\"paging-btn disabled\\">下一页</span></div>
  </table>
</div>"
`;

exports[`Table test sorting: sort action 3`] = `
"<div>
  <table class=\\"test-table\\">
    <thead class=\\"table-header\\">
      <tr>
        <td rowspan=\\"1\\" colspan=\\"1\\" class=\\"table-cell\\"><span class=\\"dsy-test-head\\"></span>
          日期
          <span class=\\"dsy-test table-cell_sort-item--none\\">原始</span> <span class=\\"dsy-test-default\\"></span></td>
        <td rowspan=\\"1\\" colspan=\\"1\\" class=\\"table-cell\\"><span class=\\"dsy-test-head\\"></span>
          姓名
          <!----> <span class=\\"dsy-test-default\\"></span></td>
        <td rowspan=\\"1\\" colspan=\\"1\\" class=\\"table-cell\\"><span class=\\"dsy-test-head\\"></span>
          地址
          <span class=\\"dsy-test table-cell_sort-item--none\\">原始</span> <span class=\\"dsy-test-default\\"></span></td>
      </tr>
    </thead>
    <tbody class=\\"table-body\\">
      <tr class=\\"table-row\\">
        <td rowspan=\\"1\\" colspan=\\"1\\" class=\\"table-cell\\">
          1635984276398
        </td>
        <td rowspan=\\"1\\" colspan=\\"1\\" class=\\"table-cell\\">
          Tom1
        </td>
        <td rowspan=\\"1\\" colspan=\\"1\\" class=\\"table-cell\\">
          Adress No. 1
        </td>
      </tr>
      <tr class=\\"table-row\\">
        <td rowspan=\\"1\\" colspan=\\"1\\" class=\\"table-cell\\">
          1635897876398
        </td>
        <td rowspan=\\"1\\" colspan=\\"1\\" class=\\"table-cell\\">
          Tom2
        </td>
        <td rowspan=\\"1\\" colspan=\\"1\\" class=\\"table-cell\\">
          Adress No. 2
        </td>
      </tr>
      <tr class=\\"table-row\\">
        <td rowspan=\\"1\\" colspan=\\"1\\" class=\\"table-cell\\">
          1635811476398
        </td>
        <td rowspan=\\"1\\" colspan=\\"1\\" class=\\"table-cell\\">
          Tom3
        </td>
        <td rowspan=\\"1\\" colspan=\\"1\\" class=\\"table-cell\\">
          Adress No. 3
        </td>
      </tr>
      <tr class=\\"table-row\\">
        <td rowspan=\\"1\\" colspan=\\"1\\" class=\\"table-cell\\">
          1635725076398
        </td>
        <td rowspan=\\"1\\" colspan=\\"1\\" class=\\"table-cell\\">
          Tom4
        </td>
        <td rowspan=\\"1\\" colspan=\\"1\\" class=\\"table-cell\\">
          Adress No. 4
        </td>
      </tr>
      <tr class=\\"table-row\\">
        <td rowspan=\\"1\\" colspan=\\"1\\" class=\\"table-cell\\">
          1635638676398
        </td>
        <td rowspan=\\"1\\" colspan=\\"1\\" class=\\"table-cell\\">
          Tom5
        </td>
        <td rowspan=\\"1\\" colspan=\\"1\\" class=\\"table-cell\\">
          Adress No. 5
        </td>
      </tr>
      <tr class=\\"table-row\\">
        <td rowspan=\\"1\\" colspan=\\"1\\" class=\\"table-cell\\">
          1635552276398
        </td>
        <td rowspan=\\"1\\" colspan=\\"1\\" class=\\"table-cell\\">
          Tom6
        </td>
        <td rowspan=\\"1\\" colspan=\\"1\\" class=\\"table-cell\\">
          Adress No. 6
        </td>
      </tr>
      <tr class=\\"table-row\\">
        <td rowspan=\\"1\\" colspan=\\"1\\" class=\\"table-cell\\">
          1635465876398
        </td>
        <td rowspan=\\"1\\" colspan=\\"1\\" class=\\"table-cell\\">
          Tom7
        </td>
        <td rowspan=\\"1\\" colspan=\\"1\\" class=\\"table-cell\\">
          Adress No. 7
        </td>
      </tr>
      <tr class=\\"table-row\\">
        <td rowspan=\\"1\\" colspan=\\"1\\" class=\\"table-cell\\">
          1635379476398
        </td>
        <td rowspan=\\"1\\" colspan=\\"1\\" class=\\"table-cell\\">
          Tom8
        </td>
        <td rowspan=\\"1\\" colspan=\\"1\\" class=\\"table-cell\\">
          Adress No. 8
        </td>
      </tr>
      <tr class=\\"table-row\\">
        <td rowspan=\\"1\\" colspan=\\"1\\" class=\\"table-cell\\">
          1635293076398
        </td>
        <td rowspan=\\"1\\" colspan=\\"1\\" class=\\"table-cell\\">
          Tom9
        </td>
        <td rowspan=\\"1\\" colspan=\\"1\\" class=\\"table-cell\\">
          Adress No. 9
        </td>
      </tr>
      <tr class=\\"table-row\\">
        <td rowspan=\\"1\\" colspan=\\"1\\" class=\\"table-cell\\">
          1635206676398
        </td>
        <td rowspan=\\"1\\" colspan=\\"1\\" class=\\"table-cell\\">
          Tom10
        </td>
        <td rowspan=\\"1\\" colspan=\\"1\\" class=\\"table-cell\\">
          Adress No. 10
        </td>
      </tr>
      <tr class=\\"table-row\\">
        <td rowspan=\\"1\\" colspan=\\"1\\" class=\\"table-cell\\">
          1635120276398
        </td>
        <td rowspan=\\"1\\" colspan=\\"1\\" class=\\"table-cell\\">
          Tom11
        </td>
        <td rowspan=\\"1\\" colspan=\\"1\\" class=\\"table-cell\\">
          Adress No. 11
        </td>
      </tr>
      <tr class=\\"table-row\\">
        <td rowspan=\\"1\\" colspan=\\"1\\" class=\\"table-cell\\">
          1635033876398
        </td>
        <td rowspan=\\"1\\" colspan=\\"1\\" class=\\"table-cell\\">
          Tom12
        </td>
        <td rowspan=\\"1\\" colspan=\\"1\\" class=\\"table-cell\\">
          Adress No. 12
        </td>
      </tr>
      <tr class=\\"table-row\\">
        <td rowspan=\\"1\\" colspan=\\"1\\" class=\\"table-cell\\">
          1634947476398
        </td>
        <td rowspan=\\"1\\" colspan=\\"1\\" class=\\"table-cell\\">
          Tom13
        </td>
        <td rowspan=\\"1\\" colspan=\\"1\\" class=\\"table-cell\\">
          Adress No. 13
        </td>
      </tr>
      <tr class=\\"table-row\\">
        <td rowspan=\\"1\\" colspan=\\"1\\" class=\\"table-cell\\">
          1634861076398
        </td>
        <td rowspan=\\"1\\" colspan=\\"1\\" class=\\"table-cell\\">
          Tom14
        </td>
        <td rowspan=\\"1\\" colspan=\\"1\\" class=\\"table-cell\\">
          Adress No. 14
        </td>
      </tr>
      <tr class=\\"table-row\\">
        <td rowspan=\\"1\\" colspan=\\"1\\" class=\\"table-cell\\">
          1634774676398
        </td>
        <td rowspan=\\"1\\" colspan=\\"1\\" class=\\"table-cell\\">
          Tom15
        </td>
        <td rowspan=\\"1\\" colspan=\\"1\\" class=\\"table-cell\\">
          Adress No. 15
        </td>
      </tr>
      <tr class=\\"table-row\\">
        <td rowspan=\\"1\\" colspan=\\"1\\" class=\\"table-cell\\">
          1634688276398
        </td>
        <td rowspan=\\"1\\" colspan=\\"1\\" class=\\"table-cell\\">
          Tom16
        </td>
        <td rowspan=\\"1\\" colspan=\\"1\\" class=\\"table-cell\\">
          Adress No. 16
        </td>
      </tr>
      <tr class=\\"table-row\\">
        <td rowspan=\\"1\\" colspan=\\"1\\" class=\\"table-cell\\">
          1634601876398
        </td>
        <td rowspan=\\"1\\" colspan=\\"1\\" class=\\"table-cell\\">
          Tom17
        </td>
        <td rowspan=\\"1\\" colspan=\\"1\\" class=\\"table-cell\\">
          Adress No. 17
        </td>
      </tr>
      <tr class=\\"table-row\\">
        <td rowspan=\\"1\\" colspan=\\"1\\" class=\\"table-cell\\">
          1634515476398
        </td>
        <td rowspan=\\"1\\" colspan=\\"1\\" class=\\"table-cell\\">
          Tom18
        </td>
        <td rowspan=\\"1\\" colspan=\\"1\\" class=\\"table-cell\\">
          Adress No. 18
        </td>
      </tr>
      <tr class=\\"table-row\\">
        <td rowspan=\\"1\\" colspan=\\"1\\" class=\\"table-cell\\">
          1634429076398
        </td>
        <td rowspan=\\"1\\" colspan=\\"1\\" class=\\"table-cell\\">
          Tom19
        </td>
        <td rowspan=\\"1\\" colspan=\\"1\\" class=\\"table-cell\\">
          Adress No. 19
        </td>
      </tr>
      <tr class=\\"table-row\\">
        <td rowspan=\\"1\\" colspan=\\"1\\" class=\\"table-cell\\">
          1634342676398
        </td>
        <td rowspan=\\"1\\" colspan=\\"1\\" class=\\"table-cell\\">
          Tom20
        </td>
        <td rowspan=\\"1\\" colspan=\\"1\\" class=\\"table-cell\\">
          Adress No. 20
        </td>
      </tr>
    </tbody>
    <div class=\\"table-paging-bar\\"><span class=\\"paging-btn disabled\\">上一页</span>
      <div class=\\"paging-item_wrapper\\"><span class=\\"paging-item activated\\">
      1
    </span></div> <span class=\\"paging-btn disabled\\">下一页</span></div>
  </table>
</div>"
`;
